Warning: model/next-rnn2.pkl already exists; will be overwritten at end of training
Warning: won't load model/next-rnn2.pkl: use --checkpoint for that
INFO:corpus:Read 982 tokens from nextsup
INFO:corpus:Created 7 tag types
INFO:corpus:Created 7 word types
INFO:crf_backprop:Parameters: 120 = 2*10 + 2*10 + 2*19 + 2 + 2*19 + 2
INFO:crf_backprop:Parameters: 120 = 2*10 + 2*10 + 2*19 + 2 + 2*19 + 2
INFO:eval:Tagging accuracy: all: 9.132%, known: 9.132%, seen: nan%, novel: nan%
INFO:crf:Average learning speed: 0.079 (estimated training loss reduction per example)
INFO:eval:Tagging accuracy: all: 21.005%, known: 21.005%, seen: nan%, novel: nan%
INFO:crf:Average learning speed: 0.19 (estimated training loss reduction per example)
INFO:eval:Tagging accuracy: all: 21.005%, known: 21.005%, seen: nan%, novel: nan%
INFO:crf:Average learning speed: 0.14 (estimated training loss reduction per example)
INFO:eval:Tagging accuracy: all: 23.288%, known: 23.288%, seen: nan%, novel: nan%
INFO:crf:Average learning speed: 0.13 (estimated training loss reduction per example)
INFO:eval:Tagging accuracy: all: 30.137%, known: 30.137%, seen: nan%, novel: nan%
INFO:crf:Average learning speed: 0.29 (estimated training loss reduction per example)
INFO:eval:Tagging accuracy: all: 40.183%, known: 40.183%, seen: nan%, novel: nan%
INFO:crf:Average learning speed: 0.77 (estimated training loss reduction per example)
INFO:eval:Tagging accuracy: all: 40.639%, known: 40.639%, seen: nan%, novel: nan%
INFO:crf:Average learning speed: 1.3 (estimated training loss reduction per example)
INFO:eval:Tagging accuracy: all: 44.292%, known: 44.292%, seen: nan%, novel: nan%
INFO:crf:Average learning speed: 1.9 (estimated training loss reduction per example)
INFO:eval:Tagging accuracy: all: 58.904%, known: 58.904%, seen: nan%, novel: nan%
INFO:crf:Average learning speed: 2.1 (estimated training loss reduction per example)
INFO:eval:Tagging accuracy: all: 72.603%, known: 72.603%, seen: nan%, novel: nan%
INFO:crf:Average learning speed: 1.8 (estimated training loss reduction per example)
INFO:eval:Tagging accuracy: all: 75.342%, known: 75.342%, seen: nan%, novel: nan%
INFO:crf:Average learning speed: 1.5 (estimated training loss reduction per example)
INFO:eval:Tagging accuracy: all: 89.041%, known: 89.041%, seen: nan%, novel: nan%
INFO:crf:Average learning speed: 1.5 (estimated training loss reduction per example)
INFO:eval:Tagging accuracy: all: 96.804%, known: 96.804%, seen: nan%, novel: nan%
INFO:crf:Average learning speed: 1.6 (estimated training loss reduction per example)
INFO:eval:Tagging accuracy: all: 100.000%, known: 100.000%, seen: nan%, novel: nan%
INFO:crf:Average learning speed: 1.7 (estimated training loss reduction per example)
INFO:eval:Tagging accuracy: all: 100.000%, known: 100.000%, seen: nan%, novel: nan%
INFO:crf:Average learning speed: 1.1 (estimated training loss reduction per example)
INFO:eval:Tagging accuracy: all: 100.000%, known: 100.000%, seen: nan%, novel: nan%
INFO:crf:Average learning speed: 1.1 (estimated training loss reduction per example)
INFO:eval:Tagging accuracy: all: 100.000%, known: 100.000%, seen: nan%, novel: nan%
INFO:crf:Average learning speed: 0.75 (estimated training loss reduction per example)
INFO:eval:Tagging accuracy: all: 100.000%, known: 100.000%, seen: nan%, novel: nan%
INFO:crf:Average learning speed: 0.5 (estimated training loss reduction per example)
INFO:eval:Tagging accuracy: all: 100.000%, known: 100.000%, seen: nan%, novel: nan%
INFO:crf:Average learning speed: 0.64 (estimated training loss reduction per example)
INFO:eval:Tagging accuracy: all: 100.000%, known: 100.000%, seen: nan%, novel: nan%
INFO:crf:Average learning speed: 0.5 (estimated training loss reduction per example)
INFO:eval:Tagging accuracy: all: 100.000%, known: 100.000%, seen: nan%, novel: nan%
INFO:crf:Average learning speed: 0.44 (estimated training loss reduction per example)
INFO:eval:Tagging accuracy: all: 100.000%, known: 100.000%, seen: nan%, novel: nan%
INFO:crf:Average learning speed: 0.21 (estimated training loss reduction per example)
INFO:eval:Tagging accuracy: all: 100.000%, known: 100.000%, seen: nan%, novel: nan%
INFO:crf:Average learning speed: 0.15 (estimated training loss reduction per example)
INFO:eval:Tagging accuracy: all: 100.000%, known: 100.000%, seen: nan%, novel: nan%
INFO:crf:Average learning speed: 0.11 (estimated training loss reduction per example)
INFO:eval:Tagging accuracy: all: 100.000%, known: 100.000%, seen: nan%, novel: nan%
INFO:crf:Average learning speed: 0.084 (estimated training loss reduction per example)
INFO:eval:Tagging accuracy: all: 100.000%, known: 100.000%, seen: nan%, novel: nan%
INFO:crf:Average learning speed: 0.073 (estimated training loss reduction per example)
INFO:eval:Tagging accuracy: all: 100.000%, known: 100.000%, seen: nan%, novel: nan%
INFO:crf:Average learning speed: 0.055 (estimated training loss reduction per example)
INFO:eval:Tagging accuracy: all: 100.000%, known: 100.000%, seen: nan%, novel: nan%
INFO:crf:Average learning speed: 0.067 (estimated training loss reduction per example)
INFO:eval:Tagging accuracy: all: 100.000%, known: 100.000%, seen: nan%, novel: nan%
INFO:crf:Average learning speed: 0.047 (estimated training loss reduction per example)
INFO:eval:Tagging accuracy: all: 100.000%, known: 100.000%, seen: nan%, novel: nan%
INFO:crf:Average learning speed: 0.03 (estimated training loss reduction per example)
INFO:eval:Tagging accuracy: all: 100.000%, known: 100.000%, seen: nan%, novel: nan%
INFO:hmm:Saved model to model/next-rnn2.pkl
INFO:eval:Total training time: 0:00:57
---
INFO:eval:Wrote tagging to model/next-rnn2_nextdev.output
INFO:eval:Tagging accuracy: all: 100.000%, known: 100.000%, seen: nan%, novel: nan%
INFO:eval:Cross-entropy: 0.0176 nats (= perplexity 1.018)
INFO:eval:===
<bound method TaggedCorpus.num_tokens of <corpus.TaggedCorpus object at 0x1248d9d00>> <integerize.Integerizer object at 0x1248d9cd0> 
<integerize.Integerizer object at 0x1248d9cd0> <integerize.Integerizer object at 0x1248d9910>
