INFO:corpus:Read 95936 tokens from ensup
INFO:corpus:Created 26 tag types
INFO:corpus:Created 12466 word types
INFO:corpus:Read 23949 tokens from endev
INFO:corpus:Created 23 tag types
INFO:corpus:Created 4959 word types
INFO:lexicon:From words-50.txt, got embeddings for 7624 of 12466 previously known types + 777 new seen types
INFO:crf_backprop:Parameters: 0 = 0*51 + 0*51 + 0*53 + 0 + 0*77 + 0
INFO:crf_backprop:Parameters: 0 = 0*51 + 0*51 + 0*53 + 0 + 0*77 + 0
INFO:eval:Cross-entropy: 3.0512 nats (= perplexity 21.140)
INFO:hmm:Saved model to model/en-emb-only-cbow-w50-1500.pkl
INFO:crf:Average learning speed: 0 (estimated training loss reduction per example)
INFO:eval:Cross-entropy: 3.0512 nats (= perplexity 21.140)
INFO:hmm:Saved model to model/en-emb-only-cbow-w50-2280.pkl
INFO:hmm:Saved model to model/en-emb-only-cbow-w50-2490.pkl
INFO:hmm:Saved model to model/en-emb-only-cbow-w50-2730.pkl
INFO:hmm:Saved model to model/en-emb-only-cbow-w50-2970.pkl
INFO:hmm:Saved model to model/en-emb-only-cbow-w50-3270.pkl
INFO:hmm:Saved model to model/en-emb-only-cbow-w50-3420.pkl
INFO:hmm:Saved model to model/en-emb-only-cbow-w50-3690.pkl
INFO:hmm:Saved model to model/en-emb-only-cbow-w50-3900.pkl
INFO:crf:Average learning speed: 0 (estimated training loss reduction per example)
INFO:eval:Cross-entropy: 3.0512 nats (= perplexity 21.140)
INFO:hmm:Saved model to model/en-emb-only-cbow-w50-4110.pkl
INFO:hmm:Saved model to model/en-emb-only-cbow-w50-5400.pkl
INFO:crf:Average learning speed: 0 (estimated training loss reduction per example)
INFO:eval:Cross-entropy: 3.0512 nats (= perplexity 21.140)
INFO:hmm:Saved model to model/en-emb-only-cbow-w50.pkl
INFO:eval:Total training time: 8:35:01
---
INFO:eval:Wrote tagging to model/en-emb-only-cbow-w50_endev.output
INFO:eval:Cross-entropy: 3.0512 nats (= perplexity 21.140)
INFO:eval:Tagging accuracy: all: 0.894%, known: 0.975%, seen: 0.105%, novel: 0.000%
INFO:eval:===
<bound method TaggedCorpus.num_tokens of <corpus.TaggedCorpus object at 0x120fe7f70>> <integerize.Integerizer object at 0x120fe7e80> 
<integerize.Integerizer object at 0x120fe7e80> <integerize.Integerizer object at 0x120f128e0>
