INFO:corpus:Read 95936 tokens from ensup
INFO:corpus:Created 26 tag types
INFO:corpus:Created 12466 word types
INFO:crf_backprop:Parameters: 300240 = 8*12475 + 8*12475 + 8*69 + 8 + 8*12509 + 8
INFO:crf_backprop:Parameters: 300240 = 8*12475 + 8*12475 + 8*69 + 8 + 8*12509 + 8
INFO:eval:Cross-entropy: 3.0616 nats (= perplexity 21.363)
INFO:hmm:Saved model to model/en-birnn-d8-onehot-930.pkl
INFO:hmm:Saved model to model/en-birnn-d8-onehot-1500.pkl
INFO:crf:Average learning speed: 5.5 (estimated training loss reduction per example)
INFO:eval:Cross-entropy: 2.1739 nats (= perplexity 8.793)
INFO:hmm:Saved model to model/en-birnn-d8-onehot-3060.pkl
INFO:crf:Average learning speed: 1.3 (estimated training loss reduction per example)
INFO:eval:Cross-entropy: 1.5710 nats (= perplexity 4.811)
INFO:hmm:Saved model to model/en-birnn-d8-onehot-4710.pkl
INFO:crf:Average learning speed: 2.5 (estimated training loss reduction per example)
INFO:eval:Cross-entropy: 0.7790 nats (= perplexity 2.179)
INFO:hmm:Saved model to model/en-birnn-d8-onehot-6270.pkl
INFO:crf:Average learning speed: 1.4 (estimated training loss reduction per example)
INFO:eval:Cross-entropy: 0.4432 nats (= perplexity 1.558)
INFO:hmm:Saved model to model/en-birnn-d8-onehot-8010.pkl
INFO:hmm:Saved model to model/en-birnn-d8-onehot-9870.pkl
INFO:crf:Average learning speed: 0.92 (estimated training loss reduction per example)
INFO:eval:Cross-entropy: 0.3043 nats (= perplexity 1.356)
INFO:hmm:Saved model to model/en-birnn-d8-onehot-11490.pkl
INFO:crf:Average learning speed: 0.81 (estimated training loss reduction per example)
INFO:eval:Cross-entropy: 0.2419 nats (= perplexity 1.274)
INFO:hmm:Saved model to model/en-birnn-d8-onehot-12990.pkl
INFO:crf:Average learning speed: 0.46 (estimated training loss reduction per example)
INFO:eval:Cross-entropy: 0.2122 nats (= perplexity 1.236)
INFO:hmm:Saved model to model/en-birnn-d8-onehot-14550.pkl
INFO:crf:Average learning speed: 0.43 (estimated training loss reduction per example)
INFO:eval:Cross-entropy: 0.1999 nats (= perplexity 1.221)
INFO:hmm:Saved model to model/en-birnn-d8-onehot-16080.pkl
INFO:hmm:Saved model to model/en-birnn-d8-onehot-17880.pkl
INFO:crf:Average learning speed: 0.32 (estimated training loss reduction per example)
INFO:eval:Cross-entropy: 0.1899 nats (= perplexity 1.209)
INFO:hmm:Saved model to model/en-birnn-d8-onehot-19290.pkl
INFO:crf:Average learning speed: 0.31 (estimated training loss reduction per example)
INFO:eval:Cross-entropy: 0.1867 nats (= perplexity 1.205)
INFO:hmm:Saved model to model/en-birnn-d8-onehot-20820.pkl
INFO:crf:Average learning speed: 0.27 (estimated training loss reduction per example)
INFO:eval:Cross-entropy: 0.1886 nats (= perplexity 1.208)
INFO:hmm:Saved model to model/en-birnn-d8-onehot.pkl
INFO:eval:Total training time: 1:31:17
---
INFO:eval:Wrote tagging to model/en-birnn-d8-onehot_endev.output
INFO:eval:Cross-entropy: 0.1886 nats (= perplexity 1.208)
INFO:eval:Tagging accuracy: all: 94.158%, known: 96.937%, seen: nan%, novel: 65.370%
INFO:eval:===
<bound method TaggedCorpus.num_tokens of <corpus.TaggedCorpus object at 0x131bbb460>> <integerize.Integerizer object at 0x131bbb400> 
got you!!!
<integerize.Integerizer object at 0x131bbb400> <integerize.Integerizer object at 0x131bbb070>
