INFO:corpus:Read 95936 tokens from ensup
INFO:corpus:Created 26 tag types
INFO:corpus:Created 12466 word types
INFO:corpus:Read 23949 tokens from endev
INFO:corpus:Created 23 tag types
INFO:corpus:Created 4959 word types
INFO:lexicon:From words-50.txt, got embeddings for 7624 of 12466 previously known types + 777 new seen types
INFO:crf_backprop:Parameters: 2256 = 8*59 + 8*59 + 8*69 + 8 + 8*93 + 8
INFO:crf_backprop:Parameters: 2256 = 8*59 + 8*59 + 8*69 + 8 + 8*93 + 8
INFO:eval:Cross-entropy: 3.0504 nats (= perplexity 21.123)
INFO:crf:Average learning speed: 7.4 (estimated training loss reduction per example)
INFO:eval:Cross-entropy: 2.0137 nats (= perplexity 7.491)
INFO:hmm:Saved model to model/en-birnn-d8-cbow-w50-2010.pkl
INFO:crf:Average learning speed: 3.4 (estimated training loss reduction per example)
INFO:eval:Cross-entropy: 1.3211 nats (= perplexity 3.747)
INFO:hmm:Saved model to model/en-birnn-d8-cbow-w50-4230.pkl
INFO:crf:Average learning speed: 4.5 (estimated training loss reduction per example)
INFO:eval:Cross-entropy: 0.8105 nats (= perplexity 2.249)
INFO:hmm:Saved model to model/en-birnn-d8-cbow-w50-6390.pkl
INFO:crf:Average learning speed: 5.5 (estimated training loss reduction per example)
INFO:eval:Cross-entropy: 0.5803 nats (= perplexity 1.787)
INFO:hmm:Saved model to model/en-birnn-d8-cbow-w50-8550.pkl
INFO:crf:Average learning speed: 5.8 (estimated training loss reduction per example)
INFO:eval:Cross-entropy: 0.4709 nats (= perplexity 1.601)
INFO:hmm:Saved model to model/en-birnn-d8-cbow-w50-10740.pkl
INFO:crf:Average learning speed: 7.1 (estimated training loss reduction per example)
INFO:eval:Cross-entropy: 0.4099 nats (= perplexity 1.507)
INFO:hmm:Saved model to model/en-birnn-d8-cbow-w50-12750.pkl
INFO:crf:Average learning speed: 5.9 (estimated training loss reduction per example)
INFO:eval:Cross-entropy: 0.3831 nats (= perplexity 1.467)
INFO:hmm:Saved model to model/en-birnn-d8-cbow-w50-14910.pkl
INFO:crf:Average learning speed: 5.8 (estimated training loss reduction per example)
INFO:eval:Cross-entropy: 0.3524 nats (= perplexity 1.422)
INFO:hmm:Saved model to model/en-birnn-d8-cbow-w50-17070.pkl
INFO:crf:Average learning speed: 6.3 (estimated training loss reduction per example)
INFO:eval:Cross-entropy: 0.3328 nats (= perplexity 1.395)
INFO:hmm:Saved model to model/en-birnn-d8-cbow-w50-19080.pkl
INFO:crf:Average learning speed: 9.5 (estimated training loss reduction per example)
INFO:eval:Cross-entropy: 0.3431 nats (= perplexity 1.409)
INFO:hmm:Saved model to model/en-birnn-d8-cbow-w50.pkl
INFO:eval:Total training time: 0:48:08
---
INFO:eval:Wrote tagging to model/en-birnn-d8-cbow-w50_endev.output
INFO:eval:Cross-entropy: 0.3431 nats (= perplexity 1.409)
INFO:eval:Tagging accuracy: all: 89.014%, known: 90.793%, seen: 78.046%, novel: 64.446%
INFO:eval:===
<bound method TaggedCorpus.num_tokens of <corpus.TaggedCorpus object at 0x127df5790>> <integerize.Integerizer object at 0x127df57c0> 
<integerize.Integerizer object at 0x127df57c0> <integerize.Integerizer object at 0x127cdef40>
