c/A d/C a/A a/D d/EOS
c/A d/C a/A a/A d/D b/C d/A a/D b/C c/A a/A d/D d/C a/A a/D c/EOS
c/A d/C c/A c/A d/D d/C c/A b/C c/A d/C d/A d/D b/EOS
d/C a/A c/A c/A b/C c/A d/D d/C c/A d/C c/A d/A a/D b/C d/B b/C d/D b/EOS
b/D c/EOS
b/C a/A c/A c/A c/A b/D b/C c/A d/C c/A b/D b/C a/EOS
b/D d/EOS
c/A b/C a/A c/A d/D d/C c/A d/C a/A c/A d/C c/A b/D b/C c/A d/C a/A d/A d/D d/EOS
d/C c/A c/A b/C a/A d/C c/A a/A c/A b/C b/B b/C c/A c/A c/A b/D a/EOS
c/A c/A a/A a/A c/A d/A d/D a/EOS
a/A a/D a/EOS
a/A a/A c/A b/C a/A a/A c/A a/D b/EOS
b/C b/B b/C a/A b/D b/C a/A a/A d/D c/EOS
d/D b/C d/A a/D b/C a/A d/EOS
c/A c/A c/A a/A d/D d/C c/A a/A c/A b/C c/A b/C c/A a/D b/EOS
d/D b/C d/B b/C d/A c/A b/EOS
a/D c/B d/C c/A a/D d/C b/B d/D d/EOS
c/A b/D b/C a/A c/A b/C a/A a/A c/A b/C b/B b/C d/B d/C a/A a/D b/C d/A d/D b/EOS
b/C a/A b/C c/A d/A d/D c/EOS
a/A c/A a/A a/D d/C a/A d/C c/A d/D b/C b/B b/C d/A c/A d/C d/A a/D c/EOS
